const { getEsLintConfig } = require('@gmjs/eslint-config');

const config = getEsLintConfig({ projectType: 'react' });

module.exports = {
  ...config,
};
