{
  "name": "@scope/test-project",
  "version": "0.0.1",
  "description": "test-project",
  "author": {
    "name": "John Smith",
    "email": "john.smith@example.com",
    "url": "https://example.com"
  },
  "license": "MIT",
  "keywords": [],
  "repository": {
    "type": "git",
    "url": "https://github.com/johnsmith/test-project"
  },
  "type": "commonjs",
  "main": "./src/index.js",
  "scripts": {
    "dev": "ts-node src/index.ts",
    "lint": "eslint --fix . && prettier --write .",
    "lint:nofix": "eslint . && prettier --check .",
    "test-only": "jest --passWithNoTests",
    "test": "pnpm run lint && pnpm run test-only",
    "clean": "shx rm -rf ./dist",
    "build-only": "pnpm run clean && tsc --project tsconfig.lib.json",
    "build": "pnpm run test && pnpm run build-only",
    "pac-only": "npmpub pack",
    "pac": "pnpm run build && pnpm run pac-only",
    "pub-only": "npmpub pub",
    "pub": "pnpm run pac && pnpm run pub-only"
  },
  "dependencies": {
    "tslib": "^1.0.0"
  },
  "devDependencies": {
    "@gmjs/eslint-config": "^1.0.0",
    "@gmjs/npm-publish-cli": "^1.0.0",
    "@jest/globals": "^1.0.0",
    "eslint": "^1.0.0",
    "jest": "^1.0.0",
    "prettier": "^1.0.0",
    "shx": "^1.0.0",
    "ts-jest": "^1.0.0",
    "ts-node": "^1.0.0",
    "typescript": "^1.0.0"
  },
  "engines": {
    "node": ">=20.10.0"
  }
}
