{
  "name": "@scope/test-project",
  "version": "0.0.1",
  "description": "test-project",
  "private": true,
  "author": {
    "name": "John Smith",
    "email": "john.smith@example.com",
    "url": "https://example.com"
  },
  "license": "MIT",
  "keywords": [],
  "repository": {
    "type": "git",
    "url": "https://github.com/johnsmith/test-project"
  },
  "type": "module",
  "scripts": {
    "dev": "vite",
    "build": "tsc && vite build",
    "lint": "eslint --report-unused-disable-directives --fix . && prettier --write .",
    "preview": "vite preview"
  },
  "dependencies": {
    "axios": "^1.0.0",
    "react": "^1.0.0",
    "react-dom": "^1.0.0",
    "react-router-dom": "^1.0.0",
    "rxjs": "^1.0.0",
    "zod": "^1.0.0",
    "zustand": "^1.0.0"
  },
  "devDependencies": {
    "@gmjs/eslint-config": "^1.0.0",
    "@gmjs/prettier-config": "^1.0.0",
    "@gmjs/tsconfig": "^1.0.0",
    "@types/eslint": "^1.0.0",
    "@types/node": "^1.0.0",
    "@types/react": "^1.0.0",
    "@types/react-dom": "^1.0.0",
    "@typescript-eslint/eslint-plugin": "^1.0.0",
    "@typescript-eslint/parser": "^1.0.0",
    "@vitejs/plugin-react": "^1.0.0",
    "eslint": "^1.0.0",
    "eslint-config-prettier": "^1.0.0",
    "eslint-import-resolver-typescript": "^1.0.0",
    "eslint-plugin-import": "^1.0.0",
    "eslint-plugin-jsx-a11y": "^1.0.0",
    "eslint-plugin-prettier": "^1.0.0",
    "eslint-plugin-react": "^1.0.0",
    "eslint-plugin-react-hooks": "^1.0.0",
    "eslint-plugin-react-refresh": "^1.0.0",
    "eslint-plugin-unicorn": "^1.0.0",
    "prettier": "^1.0.0",
    "typescript": "^1.0.0",
    "vite": "^1.0.0"
  },
  "engines": {
    "node": ">=18.17.0"
  },
  "prettier": "@gmjs/prettier-config"
}
