[
  {
    "group": "documents",
    "files": [
      {
        "fr": "<shared>/CHANGELOG.md.txt",
        "to": "test-project/CHANGELOG.md"
      },
      {
        "fr": "<shared>/LICENSE.md.txt",
        "to": "test-project/LICENSE.md"
      },
      {
        "fr": "<shared>/README.md.txt",
        "to": "test-project/README.md"
      }
    ]
  },
  {
    "group": "config",
    "files": [
      {
        "fr": "<shared>/.gitignore.txt",
        "to": "test-project/.gitignore"
      },
      {
        "fr": "<shared>/.editorconfig.txt",
        "to": "test-project/.editorconfig"
      },
      {
        "fr": "<shared>/.prettierignore.txt",
        "to": "test-project/.prettierignore"
      },
      {
        "fr": "eslint.config.mjs.txt",
        "to": "test-project/eslint.config.mjs"
      },
      {
        "fr": "package.json.txt",
        "to": "test-project/package.json"
      },
      {
        "fr": "<app-react-shared>/tsconfig.json.txt",
        "to": "test-project/tsconfig.json"
      },
      {
        "fr": "<app-react-shared>/tsconfig.build.json.txt",
        "to": "test-project/tsconfig.build.json"
      },
      {
        "fr": "<shared>/tsconfig.test.json.txt",
        "to": "test-project/tsconfig.test.json"
      },
      {
        "fr": "<app-react-shared>/vite.config.ts.txt",
        "to": "test-project/vite.config.ts"
      },
      {
        "fr": "<app-react-shared>/postcss.config.js.txt",
        "to": "test-project/postcss.config.js"
      },
      {
        "fr": "<app-react-shared>/tailwind.config.js.txt",
        "to": "test-project/tailwind.config.js"
      },
      {
        "fr": "<app-react-shared>/.env.local.txt",
        "to": "test-project/.env.local"
      },
      {
        "fr": "<app-react-shared>/.env.sample.txt",
        "to": "test-project/.env.sample"
      }
    ]
  },
  {
    "group": "web",
    "files": [
      {
        "fr": "<app-react-shared>/index.html.txt",
        "to": "test-project/index.html"
      },
      {
        "fr": "<app-react-shared>/public/icon.svg.txt",
        "to": "test-project/public/icon.svg"
      }
    ]
  },
  {
    "group": "src",
    "files": [
      {
        "fr": "<app-react-shared>/src/index.css.txt",
        "to": "test-project/src/index.css"
      },
      {
        "fr": "<app-react-shared>/src/vite-env.d.ts.txt",
        "to": "test-project/src/vite-env.d.ts"
      },
      {
        "fr": "<app-react-shared>/src/main.tsx.txt",
        "to": "test-project/src/main.tsx"
      },
      {
        "fr": "<app-react-shared>/src/assets/icon.svg.txt",
        "to": "test-project/src/assets/icon.svg"
      },
      {
        "fr": "<app-react-shared>/src/app-setup/index.ts.txt",
        "to": "test-project/src/app-setup/index.ts"
      },
      {
        "fr": "<app-react-shared>/src/app-setup/render.tsx.txt",
        "to": "test-project/src/app-setup/render.tsx"
      },
      {
        "fr": "<app-react-shared>/src/app-setup/setup.ts.txt",
        "to": "test-project/src/app-setup/setup.ts"
      },
      {
        "fr": "<app-react-shared>/src/app-setup/app-config.ts.txt",
        "to": "test-project/src/app-setup/app-config.ts"
      },
      {
        "fr": "<app-react-shared>/src/app-setup/app-context.ts.txt",
        "to": "test-project/src/app-setup/app-context.ts"
      },
      {
        "fr": "<app-react-shared>/src/app-setup/app-dependencies.ts.txt",
        "to": "test-project/src/app-setup/app-dependencies.ts"
      },
      {
        "fr": "<app-react-shared>/src/app-setup/app-env.ts.txt",
        "to": "test-project/src/app-setup/app-env.ts"
      },
      {
        "fr": "<app-react-shared>/src/app-setup/app-globals.ts.txt",
        "to": "test-project/src/app-setup/app-globals.ts"
      },
      {
        "fr": "<app-react-shared>/src/app-setup/app-params.ts.txt",
        "to": "test-project/src/app-setup/app-params.ts"
      },
      {
        "fr": "<app-react-shared>/src/app-setup/server.ts.txt",
        "to": "test-project/src/app-setup/server.ts"
      },
      {
        "fr": "<app-react-shared>/src/api/index.ts.txt",
        "to": "test-project/src/api/index.ts"
      },
      {
        "fr": "<app-react-shared>/src/api/app-api.ts.txt",
        "to": "test-project/src/api/app-api.ts"
      },
      {
        "fr": "<app-react-shared>/src/api/parts/index.ts.txt",
        "to": "test-project/src/api/parts/index.ts"
      },
      {
        "fr": "<app-react-shared>/src/api/parts/example-api.ts.txt",
        "to": "test-project/src/api/parts/example-api.ts"
      },
      {
        "fr": "<app-react-shared>/src/store/index.ts.txt",
        "to": "test-project/src/store/index.ts"
      },
      {
        "fr": "<app-react-shared>/src/store/app/index.ts.txt",
        "to": "test-project/src/store/app/index.ts"
      },
      {
        "fr": "<app-react-shared>/src/store/app/app-state.ts.txt",
        "to": "test-project/src/store/app/app-state.ts"
      },
      {
        "fr": "<app-react-shared>/src/store/app/app-store-api.ts.txt",
        "to": "test-project/src/store/app/app-store-api.ts"
      },
      {
        "fr": "<app-react-shared>/src/store/app/create-store.ts.txt",
        "to": "test-project/src/store/app/create-store.ts"
      },
      {
        "fr": "<app-react-shared>/src/store/app/store-hooks.ts.txt",
        "to": "test-project/src/store/app/store-hooks.ts"
      },
      {
        "fr": "<app-react-shared>/src/store/parts/index.ts.txt",
        "to": "test-project/src/store/parts/index.ts"
      },
      {
        "fr": "<app-react-shared>/src/store/parts/example.ts.txt",
        "to": "test-project/src/store/parts/example.ts"
      },
      {
        "fr": "<app-react-shared>/src/app/App.tsx.txt",
        "to": "test-project/src/app/App.tsx"
      },
      {
        "fr": "<app-react-shared>/src/app/navigation/index.ts.txt",
        "to": "test-project/src/app/navigation/index.ts"
      },
      {
        "fr": "<app-react-shared>/src/app/navigation/route-data.ts.txt",
        "to": "test-project/src/app/navigation/route-data.ts"
      },
      {
        "fr": "<app-react-shared>/src/app/navigation/routes.tsx.txt",
        "to": "test-project/src/app/navigation/routes.tsx"
      },
      {
        "fr": "<app-react-shared>/src/app/screens/AnotherScreen.tsx.txt",
        "to": "test-project/src/app/screens/AnotherScreen.tsx"
      },
      {
        "fr": "<app-react-shared>/src/app/screens/HomeScreen.tsx.txt",
        "to": "test-project/src/app/screens/HomeScreen.tsx"
      },
      {
        "fr": "<app-react-shared>/src/app/components/AnotherScreenContent.tsx.txt",
        "to": "test-project/src/app/components/AnotherScreenContent.tsx"
      },
      {
        "fr": "<app-react-shared>/src/app/util/index.ts.txt",
        "to": "test-project/src/app/util/index.ts"
      },
      {
        "fr": "<app-react-shared>/src/app/util/hooks.ts.txt",
        "to": "test-project/src/app/util/hooks.ts"
      }
    ]
  }
]
