{
  "name": "@scope/test-project",
  "version": "0.0.1",
  "description": "test-project",
  "author": {
    "name": "John Smith",
    "email": "john.smith@example.com",
    "url": "https://example.com"
  },
  "license": "MIT",
  "keywords": [],
  "repository": {
    "type": "git",
    "url": "https://github.com/johnsmith/test-project"
  },
  "type": "commonjs",
  "main": "./src/index.js",
  "scripts": {
    "dev": "ts-node src/index.ts",
    "lint": "eslint --report-unused-disable-directives --fix . && prettier --write .",
    "lint:nofix": "eslint --report-unused-disable-directives . && prettier --check .",
    "test-only": "jest --passWithNoTests",
    "test": "pnpm run lint && pnpm run test-only",
    "build-only": "shx rm -rf ./dist && tsc --project tsconfig.lib.json",
    "build": "pnpm run test && pnpm run build-only",
    "pub-only": "npmpub",
    "pub": "pnpm run build && pnpm run pub-only"
  },
  "dependencies": {
    "tslib": "^1.0.0"
  },
  "devDependencies": {
    "@gmjs/eslint-config": "^1.0.0",
    "@gmjs/jest-config": "^1.0.0",
    "@gmjs/npm-publish-cli": "^1.0.0",
    "@jest/globals": "^1.0.0",
    "@types/eslint": "^1.0.0",
    "@types/node": "^1.0.0",
    "@typescript-eslint/eslint-plugin": "^1.0.0",
    "@typescript-eslint/parser": "^1.0.0",
    "eslint": "^1.0.0",
    "eslint-config-prettier": "^1.0.0",
    "eslint-import-resolver-typescript": "^1.0.0",
    "eslint-plugin-import": "^1.0.0",
    "eslint-plugin-jsx-a11y": "^1.0.0",
    "eslint-plugin-prettier": "^1.0.0",
    "eslint-plugin-react": "^1.0.0",
    "eslint-plugin-react-hooks": "^1.0.0",
    "eslint-plugin-unicorn": "^1.0.0",
    "jest": "^1.0.0",
    "prettier": "^1.0.0",
    "shx": "^1.0.0",
    "ts-jest": "^1.0.0",
    "ts-node": "^1.0.0",
    "typescript": "^1.0.0"
  },
  "engines": {
    "node": ">=20.10.0"
  }
}
