{
  "include": ["src/**/*.ts", "test/**/*.ts"],
  "compilerOptions": {
    "noFallthroughCasesInSwitch": true,
    "noImplicitOverride": true,
    "noImplicitReturns": true,
    "noPropertyAccessFromIndexSignature": true,
    "strict": true,
    "importHelpers": true,
    "newLine": "lf",
    "removeComments": true,
    "esModuleInterop": true,
    "isolatedModules": true,
    "skipLibCheck": true,
    "emitDecoratorMetadata": true,
    "experimentalDecorators": true,
    "types": [],
    "rootDir": ".",
    "outDir": "./dist",
    "module": "CommonJS",
    "moduleResolution": "Node",
    "lib": ["ES2023"],
    "target": "ES2022",
    "declaration": true,
    "sourceMap": true,
    "incremental": true
  }
}
