import { Controller, Get } from '@nestjs/common';
import { AppService } from './app.service';

@Controller('app')
export class AppController {
  public constructor(private readonly appService: AppService) {}

  @Get('hello')
  public getHello(): string {
    return this.appService.getHello();
  }

  @Get('node-env')
  public getNodeEnv(): string {
    return this.appService.getNodeEnv();
  }
}
