import { Injectable } from '@nestjs/common';
import { ConfigService } from '../config/config.service';

@Injectable()
export class AppService {
  public constructor(private readonly configService: ConfigService) {}

  public getHello(): string {
    return 'Hello World!';
  }

  public getNodeEnv(): string {
    return this.configService.configOptions.nodeEnv;
  }
}
